// Jest Snapshot v1, https://goo.gl/fbAQLP

exports[`About page About component should render as expected 1`] = `
<div>
  <h1
    style={
      Object {
        "display": "flex",
        "justifyContent": "center",
      }
    }
  >
    Hi, I am Terrence!
  </h1>
  <p
    style={
      Object {
        "display": "flex",
        "justifyContent": "center",
      }
    }
  >
    This section is all about me, yay!
  </p>
</div>
`;
