// Jest Snapshot v1, https://goo.gl/fbAQLP

exports[`Navbar Component component should render the compoent without crushing 1`] = `
<nav
  className="navbar navbar-inverse"
>
  <div
    className="container-fluid"
  >
    <div
      className="navbar-header"
    >
      <a
        className="navbar-brand"
        href="#"
      >
        SkillNav
      </a>
    </div>
    <ul
      className="nav navbar-nav navbar-right"
    >
      <li>
        <Link
          replace={false}
          to="/signup"
        >
          <span
            className="glyphicon glyphicon-user"
          />
           Sign Up
        </Link>
      </li>
      <li>
        <Link
          replace={false}
          to="/login"
        >
          <span
            className="glyphicon glyphicon-log-in"
          />
           Login
        </Link>
      </li>
    </ul>
  </div>
</nav>
`;

exports[`Navbar Component should render the compoent without crushing 1`] = `
<nav
  className="navbar navbar-inverse"
>
  <div
    className="container-fluid"
  >
    <div
      className="navbar-header"
    >
      <a
        className="navbar-brand"
        href="#"
      >
        SkillNav
      </a>
    </div>
    <ul
      className="nav navbar-nav navbar-right"
    >
      <li>
        <Link
          replace={false}
          to="/signup"
        >
          <span
            className="glyphicon glyphicon-user"
          />
           Sign Up
        </Link>
      </li>
      <li>
        <Link
          replace={false}
          to="/login"
        >
          <span
            className="glyphicon glyphicon-log-in"
          />
           Login
        </Link>
      </li>
    </ul>
  </div>
</nav>
`;
